mvn : WARNING: A terminally deprecated method in sun.misc.Unsafe has been 
called
At line:1 char:1
+ mvn clean compile > build_output.txt 2>&1 ; exit $LASTEXITCODE
+ ~~~~~~~~~~~~~~~~~~~~~~~~~~~~~~~~~~~~~~~~~
    + CategoryInfo          : NotSpecified: (WARNING: A term...has been called 
   :String) [], RemoteException
    + FullyQualifiedErrorId : NativeCommandError
 
WARNING: sun.misc.Unsafe::staticFieldBase has been called by 
com.google.inject.internal.aop.HiddenClassDefiner 
(file:/C:/Users/khanh/.trae/tools/maven/latest/lib/guice-5.1.0-classes.jar)
WARNING: Please consider reporting this to the maintainers of class 
com.google.inject.internal.aop.HiddenClassDefiner
WARNING: sun.misc.Unsafe::staticFieldBase will be removed in a future release
[INFO] Scanning for projects...
[INFO] 
[INFO] ------------------------< com.example:airline >-------------------------
[INFO] Building airline 0.0.1-SNAPSHOT
[INFO]   from pom.xml
[INFO] --------------------------------[ jar ]---------------------------------
[INFO] 
[INFO] --- clean:3.4.0:clean (default-clean) @ airline ---
[INFO] Deleting D:\project\airline\target
[INFO] 
[INFO] --- resources:3.3.1:resources (default-resources) @ airline ---
[INFO] Copying 1 resource from src\main\resources to target\classes
[INFO] Copying 72 resources from src\main\resources to target\classes
[INFO] 
[INFO] --- compiler:3.14.0:compile (default-compile) @ airline ---
[INFO] Recompiling the module because of changed source code.
[INFO] Compiling 36 source files with javac [debug parameters release 17] to target\classes
[INFO] -------------------------------------------------------------
[ERROR] COMPILATION ERROR : 
[INFO] -------------------------------------------------------------
[ERROR] /D:/project/airline/src/main/java/com/example/airline/controller/AdminController.java:[129,9] cannot find symbol
  symbol:   class List
  location: class com.example.airline.controller.AdminController
[INFO] 1 error
[INFO] -------------------------------------------------------------
[INFO] ------------------------------------------------------------------------
[INFO] BUILD FAILURE
[INFO] ------------------------------------------------------------------------
[INFO] Total time:  50.790 s
[INFO] Finished at: 2026-03-26T00:13:44+07:00
[INFO] ------------------------------------------------------------------------
[ERROR] Failed to execute goal org.apache.maven.plugins:maven-compiler-plugin:3.14.0:compile (default-compile) on project airline: Compilation failure
[ERROR] /D:/project/airline/src/main/java/com/example/airline/controller/AdminController.java:[129,9] cannot find symbol
[ERROR]   symbol:   class List
[ERROR]   location: class com.example.airline.controller.AdminController
[ERROR] 
[ERROR] -> [Help 1]
[ERROR] 
[ERROR] To see the full stack trace of the errors, re-run Maven with the -e switch.
[ERROR] Re-run Maven using the -X switch to enable full debug logging.
[ERROR] 
[ERROR] For more information about the errors and possible solutions, please read the following articles:
[ERROR] [Help 1] http://cwiki.apache.org/confluence/display/MAVEN/MojoFailureException
